python : Creating test database for alias 'default' ('file:memorydb_default?mode=memory&cache=shared')...
At line:1 char:1
+ python manage.py test -v 2 > tests.log 2>&1
+ ~~~~~~~~~~~~~~~~~~~~~~~~~~~~~~~~~~~~~~~~~~~
    + CategoryInfo          : NotSpecified: (Creating test d...che=shared')...:String) [], RemoteException
    + FullyQualifiedErrorId : NativeCommandError
 

Found 91 test(s).
Operations to perform:
  Synchronize unmigrated apps: messages, staticfiles
  Apply all migrations: accounts, admin, assignment, auth, contenttypes, forum, materi, sessions
Synchronizing apps without migrations:
  Creating tables...
    Running deferred SQL...
Running migrations:
  Applying contenttypes.0001_initial... OK
  Applying contenttypes.0002_remove_content_type_name... OK
  Applying auth.0001_initial... OK
  Applying auth.0002_alter_permission_name_max_length... OK
  Applying auth.0003_alter_user_email_max_length... OK
  Applying auth.0004_alter_user_username_opts... OK
  Applying auth.0005_alter_user_last_login_null... OK
  Applying auth.0006_require_contenttypes_0002... OK
  Applying auth.0007_alter_validators_add_error_messages... OK
  Applying auth.0008_alter_user_username_max_length... OK
  Applying auth.0009_alter_user_last_name_max_length... OK
  Applying auth.0010_alter_group_name_max_length... OK
  Applying auth.0011_update_proxy_permissions... OK
  Applying auth.0012_alter_user_first_name_max_length... OK
  Applying accounts.0001_initial... OK
  Applying admin.0001_initial... OK
  Applying admin.0002_logentry_remove_auto_add... OK
  Applying admin.0003_logentry_add_action_flag_choices... OK
  Applying assignment.0001_initial... OK
  Applying assignment.0002_alter_tugas_file... OK
  Applying forum.0001_initial... OK
  Applying forum.0002_post_attachment_post_parent_post_updated_at... OK
  Applying materi.0001_initial... OK
  Applying materi.0002_alter_materi_file... OK
test_custom_user_str_returns_username (accounts.tests.AuthenticationSecurityTests.test_custom_user_str_returns_username) ... ok
test_mahasiswa_can_use_public_login (accounts.tests.AuthenticationSecurityTests.test_mahasiswa_can_use_public_login)
Mahasiswa dapat login lewat portal publik ... ok
test_mahasiswa_registration_post_logs_user_in (accounts.tests.AuthenticationSecurityTests.test_mahasiswa_registration_post_logs_user_in)
Registrasi mahasiswa via POST membuat akun dan login otomatis ... ok
test_portal_isolation_asdos_cannot_use_public_login (accounts.tests.AuthenticationSecurityTests.test_portal_isolation_asdos_cannot_use_public_login)
Asisten Dosen tidak boleh menggunakan portal Mahasiswa ... ok
test_portal_isolation_dosen_cannot_use_public_login (accounts.tests.AuthenticationSecurityTests.test_portal_isolation_dosen_cannot_use_public_login)
Dosen tidak boleh menggunakan portal Mahasiswa ... ok
test_register_view_get_renders_form (accounts.tests.AuthenticationSecurityTests.test_register_view_get_renders_form) ... ok
test_tc_ba_01_password_hashing (accounts.tests.AuthenticationSecurityTests.test_tc_ba_01_password_hashing)
TC-BA-01: Memastikan password tersimpan dalam bentuk hash ... ok
test_tc_ba_02_rate_limiting (accounts.tests.AuthenticationSecurityTests.test_tc_ba_02_rate_limiting)
TC-BA-02: Memastikan sistem mengunci akun setelah 5x percobaan gagal ... ok
test_tc_ba_03_session_invalidation (accounts.tests.AuthenticationSecurityTests.test_tc_ba_03_session_invalidation)
TC-BA-03: Memastikan sesi dihapus setelah logout ... ok
test_tc_ba_05_generic_error_message (accounts.tests.AuthenticationSecurityTests.test_tc_ba_05_generic_error_message)
TC-BA-05: Memastikan pesan error seragam (mencegah enumerasi) ... ok
test_tc_csrf_01_token_presence (accounts.tests.AuthenticationSecurityTests.test_tc_csrf_01_token_presence)
TC-CSRF-01: Memastikan form POST memiliki token CSRF ... ok
test_tc_csrf_02_invalid_csrf_token (accounts.tests.AuthenticationSecurityTests.test_tc_csrf_02_invalid_csrf_token)
TC-CSRF-02: Memastikan server menolak POST request (HTTP 403) jika token CSRF salah ... ok
test_tc_sqli_01_login_bypass (accounts.tests.AuthenticationSecurityTests.test_tc_sqli_01_login_bypass)
TC-SQLi-01: Memastikan login tidak bisa di-bypass dengan payload SQLi ... ok
test_asdos_can_use_staff_login (accounts.tests.StaffAuthenticationSecurityTests.test_asdos_can_use_staff_login) ... ok
test_dosen_can_use_staff_login (accounts.tests.StaffAuthenticationSecurityTests.test_dosen_can_use_staff_login) ... ok
test_portal_isolation_mahasiswa_cannot_use_staff_login (accounts.tests.StaffAuthenticationSecurityTests.test_portal_isolation_mahasiswa_cannot_use_staff_login)
Mahasiswa tidak boleh masuk lewat portal staf walau tahu kode aksesnya ... ok
test_staff_login_rejects_invalid_access_code (accounts.tests.StaffAuthenticationSecurityTests.test_staff_login_rejects_invalid_access_code) ... ok
test_staff_login_view_configuration (accounts.tests.StaffAuthenticationSecurityTests.test_staff_login_view_configuration) ... ok
test_staff_register_view_get_renders_form (accounts.tests.StaffAuthenticationSecurityTests.test_staff_register_view_get_renders_form) ... ok
test_staff_registration_form_save_commit_false (accounts.tests.StaffAuthenticationSecurityTests.test_staff_registration_form_save_commit_false) ... ok
test_staff_registration_rejects_invalid_access_code (accounts.tests.StaffAuthenticationSecurityTests.test_staff_registration_rejects_invalid_access_code) ... ok
test_staff_registration_with_asdos_code_sets_asdos_role (accounts.tests.StaffAuthenticationSecurityTests.test_staff_registration_with_asdos_code_sets_asdos_role) ... ok
test_staff_registration_with_dosen_code_sets_dosen_role (accounts.tests.StaffAuthenticationSecurityTests.test_staff_registration_with_dosen_code_sets_dosen_role) ... ok
test_tc_ba_02_staff_rate_limiting (accounts.tests.StaffAuthenticationSecurityTests.test_tc_ba_02_staff_rate_limiting)
TC-BA-02: Portal staf terkunci setelah 5x gagal login ... ok
test_tc_sqli_01_login_bypass (accounts.tests.StaffAuthenticationSecurityTests.test_tc_sqli_01_login_bypass)
TC-SQLi-01: Memastikan login tidak bisa di-bypass dengan payload SQLi ... ok
test_tc_ba_04_akses_tanpa_login_ditolak (assignment.tests.AssignmentSkenarioSecurityTests.test_tc_ba_04_akses_tanpa_login_ditolak)
TC-BA-04: Memastikan halaman daftar tugas tidak bisa diakses tanpa login ... ok
test_tc_ci_04b_code_injection_judul_tugas (assignment.tests.AssignmentSkenarioSecurityTests.test_tc_ci_04b_code_injection_judul_tugas)
TC-CI-04b: Memastikan injeksi XSS pada Judul Tugas di-escape oleh Django Template ... ok
test_tc_csrf_04b_form_submit_tugas_atau_nilai (assignment.tests.AssignmentSkenarioSecurityTests.test_tc_csrf_04b_form_submit_tugas_atau_nilai)
TC-CSRF-04b: Memastikan form submit tugas menolak request tanpa CSRF valid ... ok
test_tc_sqli_04b_pencarian_nilai_mahasiswa (assignment.tests.AssignmentSkenarioSecurityTests.test_tc_sqli_04b_pencarian_nilai_mahasiswa)
TC-SQLi-04b: Memastikan endpoint terkait nilai/submisi aman dari SQL Injection ... ok
test_asdos_cannot_upload_tugas (assignment.tests.TugasUploadSecurityTests.test_asdos_cannot_upload_tugas) ... ok
test_assignment_model_str_methods (assignment.tests.TugasUploadSecurityTests.test_assignment_model_str_methods) ... ok
test_beri_nilai_forbidden_for_mahasiswa (assignment.tests.TugasUploadSecurityTests.test_beri_nilai_forbidden_for_mahasiswa) ... ok
test_beri_nilai_get_and_post_creates_nilai (assignment.tests.TugasUploadSecurityTests.test_beri_nilai_get_and_post_creates_nilai) ... ok
test_beri_nilai_get_existing_nilai (assignment.tests.TugasUploadSecurityTests.test_beri_nilai_get_existing_nilai) ... ok
test_daftar_submission_for_student_shows_only_own_submission (assignment.tests.TugasUploadSecurityTests.test_daftar_submission_for_student_shows_only_own_submission) ... ok
test_daftar_tugas_and_daftar_submission_render (assignment.tests.TugasUploadSecurityTests.test_daftar_tugas_and_daftar_submission_render) ... ok
test_delete_submisi_rejects_staff_and_deletes_for_owner (assignment.tests.TugasUploadSecurityTests.test_delete_submisi_rejects_staff_and_deletes_for_owner) ... ok
test_delete_tugas_get_and_post (assignment.tests.TugasUploadSecurityTests.test_delete_tugas_get_and_post) ... ok
test_delete_tugas_rejects_mahasiswa (assignment.tests.TugasUploadSecurityTests.test_delete_tugas_rejects_mahasiswa) ... ok
test_edit_tugas_get_and_post_updates_object (assignment.tests.TugasUploadSecurityTests.test_edit_tugas_get_and_post_updates_object) ... ok
test_edit_tugas_rejects_mahasiswa (assignment.tests.TugasUploadSecurityTests.test_edit_tugas_rejects_mahasiswa) ... ok
test_mahasiswa_cannot_upload_tugas (assignment.tests.TugasUploadSecurityTests.test_mahasiswa_cannot_upload_tugas) ... ok
test_secure_upload_path_helpers_generate_random_paths (assignment.tests.TugasUploadSecurityTests.test_secure_upload_path_helpers_generate_random_paths) ... ok
test_secure_upload_validator_accepts_valid_docx_zip_and_pptx (assignment.tests.TugasUploadSecurityTests.test_secure_upload_validator_accepts_valid_docx_zip_and_pptx) ... ok
test_secure_upload_validator_accepts_valid_legacy_office_files (assignment.tests.TugasUploadSecurityTests.test_secure_upload_validator_accepts_valid_legacy_office_files) ... ok
test_secure_upload_validator_rejects_bad_content_type (assignment.tests.TugasUploadSecurityTests.test_secure_upload_validator_rejects_bad_content_type) ... ok
test_secure_upload_validator_rejects_invalid_docx_magic_bytes (assignment.tests.TugasUploadSecurityTests.test_secure_upload_validator_rejects_invalid_docx_magic_bytes) ... ok
test_secure_upload_validator_rejects_invalid_legacy_office_magic_bytes (assignment.tests.TugasUploadSecurityTests.test_secure_upload_validator_rejects_invalid_legacy_office_magic_bytes) ... ok
test_secure_upload_validator_rejects_non_utf8_txt (assignment.tests.TugasUploadSecurityTests.test_secure_upload_validator_rejects_non_utf8_txt) ... ok
test_secure_upload_validator_returns_for_empty_file (assignment.tests.TugasUploadSecurityTests.test_secure_upload_validator_returns_for_empty_file) ... ok
test_staff_can_upload_valid_pdf_with_randomized_storage_name (assignment.tests.TugasUploadSecurityTests.test_staff_can_upload_valid_pdf_with_randomized_storage_name) ... ok
test_submission_form_accepts_valid_file (assignment.tests.TugasUploadSecurityTests.test_submission_form_accepts_valid_file) ... ok
test_submission_form_rejects_bad_extension (assignment.tests.TugasUploadSecurityTests.test_submission_form_rejects_bad_extension) ... ok
test_submission_form_rejects_oversized_file (assignment.tests.TugasUploadSecurityTests.test_submission_form_rejects_oversized_file) ... ok
test_submission_form_requires_file (assignment.tests.TugasUploadSecurityTests.test_submission_form_requires_file) ... ok
test_submission_status_handles_submission_without_nilai (assignment.tests.TugasUploadSecurityTests.test_submission_status_handles_submission_without_nilai) ... ok
test_submission_status_includes_existing_nilai (assignment.tests.TugasUploadSecurityTests.test_submission_status_includes_existing_nilai) ... ok
test_submission_status_rejects_staff_and_renders_for_student (assignment.tests.TugasUploadSecurityTests.test_submission_status_rejects_staff_and_renders_for_student) ... ok
test_tugas_form_accepts_empty_optional_file (assignment.tests.TugasUploadSecurityTests.test_tugas_form_accepts_empty_optional_file) ... ok
test_tugas_form_rejects_dangerous_extension (assignment.tests.TugasUploadSecurityTests.test_tugas_form_rejects_dangerous_extension) ... ok
test_tugas_form_rejects_oversized_file (assignment.tests.TugasUploadSecurityTests.test_tugas_form_rejects_oversized_file) ... ok
test_tugas_form_rejects_spoofed_pdf_content (assignment.tests.TugasUploadSecurityTests.test_tugas_form_rejects_spoofed_pdf_content) ... ok
test_upload_submisi_get_create_update_and_invalid_post (assignment.tests.TugasUploadSecurityTests.test_upload_submisi_get_create_update_and_invalid_post) ... ok
test_upload_submisi_rejects_staff (assignment.tests.TugasUploadSecurityTests.test_upload_submisi_rejects_staff) ... ok
test_upload_tugas_invalid_post_renders_errors (assignment.tests.TugasUploadSecurityTests.test_upload_tugas_invalid_post_renders_errors) ... ok
test_create_post_success (forum.tests.ForumFeatureTests.test_create_post_success)
User berhasil membuat post forum ... ok
test_landing_page_access (forum.tests.ForumFeatureTests.test_landing_page_access)
Landing page forum dapat diakses ... ok
test_post_order_latest_first (forum.tests.ForumFeatureTests.test_post_order_latest_first)
Post terbaru tampil paling atas ... ok
test_reply_post_success (forum.tests.ForumFeatureTests.test_reply_post_success)
User berhasil membalas post ... ok
test_user_can_delete_own_post (forum.tests.ForumFeatureTests.test_user_can_delete_own_post)
User dapat menghapus post miliknya sendiri ... ok
test_user_cannot_delete_other_user_post (forum.tests.ForumFeatureTests.test_user_cannot_delete_other_user_post)
User tidak boleh menghapus post milik orang lain ... ok
test_user_cannot_edit_other_user_post (forum.tests.ForumFeatureTests.test_user_cannot_edit_other_user_post)
User tidak boleh edit post milik orang lain ... ok
test_tc_ba_04_akses_tanpa_login_ditolak (forum.tests.ForumSecurityTests.test_tc_ba_04_akses_tanpa_login_ditolak)
TC-BA-04: Pembuatan diskusi forum harus diblokir untuk user tanpa sesi ... ok
test_tc_ci_04b_code_injection_komentar_forum (forum.tests.ForumSecurityTests.test_tc_ci_04b_code_injection_komentar_forum)
TC-CI-04b: E-Learning: Judul Tugas / Komentar Forum (XSS) ... ok
test_tc_csrf_04b_forum_post_protection (forum.tests.ForumSecurityTests.test_tc_csrf_04b_forum_post_protection)
TC-CSRF-04b: Memastikan pembuatan Post Forum dilindungi CSRF token ... ok
test_tc_sqli_04b_manipulasi_id_forum (forum.tests.ForumSecurityTests.test_tc_sqli_04b_manipulasi_id_forum)
TC-SQLi-04b: Menguji injeksi SQL pada akses URL berdasarkan ID Post ... ok
test_tc_ba_04_akses_tanpa_login_ditolak (materi.tests.MateriSkenarioSecurityTests.test_tc_ba_04_akses_tanpa_login_ditolak)
TC-BA-04: Akses halaman upload materi wajib login ... ok
test_tc_ci_04_code_injection_judul_materi (materi.tests.MateriSkenarioSecurityTests.test_tc_ci_04_code_injection_judul_materi)
Mencegah XSS (Code Injection) pada rendering judul materi ... ok
test_asdos_cannot_upload_materi (materi.tests.MateriUploadSecurityTests.test_asdos_cannot_upload_materi) ... ok
test_delete_materi_get_and_post (materi.tests.MateriUploadSecurityTests.test_delete_materi_get_and_post) ... ok
test_delete_materi_rejects_mahasiswa (materi.tests.MateriUploadSecurityTests.test_delete_materi_rejects_mahasiswa) ... ok
test_edit_materi_get_and_post_updates_object (materi.tests.MateriUploadSecurityTests.test_edit_materi_get_and_post_updates_object) ... ok
test_edit_materi_invalid_post_renders_form (materi.tests.MateriUploadSecurityTests.test_edit_materi_invalid_post_renders_form) ... ok
test_edit_materi_rejects_mahasiswa (materi.tests.MateriUploadSecurityTests.test_edit_materi_rejects_mahasiswa) ... ok
test_mahasiswa_cannot_upload_materi (materi.tests.MateriUploadSecurityTests.test_mahasiswa_cannot_upload_materi) ... ok
test_materi_form_accepts_empty_optional_file (materi.tests.MateriUploadSecurityTests.test_materi_form_accepts_empty_optional_file) ... ok
test_materi_form_rejects_dangerous_extension (materi.tests.MateriUploadSecurityTests.test_materi_form_rejects_dangerous_extension) ... ok
test_materi_form_rejects_spoofed_pdf_content (materi.tests.MateriUploadSecurityTests.test_materi_form_rejects_spoofed_pdf_content) ... ok
test_materi_model_str_returns_title (materi.tests.MateriUploadSecurityTests.test_materi_model_str_returns_title) ... ok
test_staff_can_upload_valid_txt_with_randomized_storage_name (materi.tests.MateriUploadSecurityTests.test_staff_can_upload_valid_txt_with_randomized_storage_name) ... ok
test_upload_materi_invalid_post_renders_errors (materi.tests.MateriUploadSecurityTests.test_upload_materi_invalid_post_renders_errors) ... ok

----------------------------------------------------------------------
Ran 91 tests in 173.574s

OK
Destroying test database for alias 'default' ('file:memorydb_default?mode=memory&cache=shared')...

  Applying sessions.0001_initial... OK
System check identified no issues (0 silenced).
